PowerPlay Power Analyzer report for logical_RTL
Fri Nov 03 14:21:50 2017
Quartus Prime Version 17.0.0 Build 595 04/25/2017 SJ Lite Edition


---------------------
; Table of Contents ;
---------------------
  1. Legal Notice
  2. Parallel Compilation
  3. PowerPlay Power Analyzer Summary
  4. PowerPlay Power Analyzer Settings
  5. Indeterminate Toggle Rates
  6. Operating Conditions Used
  7. Thermal Power Dissipation by Block
  8. Thermal Power Dissipation by Block Type
  9. Thermal Power Dissipation by Hierarchy
 10. Core Dynamic Thermal Power Dissipation by Clock Domain
 11. Current Drawn from Voltage Supplies Summary
 12. VCCIO Supply Current Drawn by I/O Bank
 13. VCCIO Supply Current Drawn by Voltage
 14. Confidence Metric Details
 15. Signal Activities
 16. PowerPlay Power Analyzer Messages



----------------
; Legal Notice ;
----------------
Copyright (C) 2017  Intel Corporation. All rights reserved.
Your use of Intel Corporation's design tools, logic functions 
and other software and tools, and its AMPP partner logic 
functions, and any output files from any of the foregoing 
(including device programming or simulation files), and any 
associated documentation or information are expressly subject 
to the terms and conditions of the Intel Program License 
Subscription Agreement, the Intel Quartus Prime License Agreement,
the Intel MegaCore Function License Agreement, or other 
applicable license agreement, including, without limitation, 
that your use is for the sole purpose of programming logic 
devices manufactured by Intel and sold by Intel or its 
authorized distributors.  Please refer to the applicable 
agreement for further details.



+------------------------------------------+
; Parallel Compilation                     ;
+----------------------------+-------------+
; Processors                 ; Number      ;
+----------------------------+-------------+
; Number detected on machine ; 8           ;
; Maximum allowed            ; 4           ;
;                            ;             ;
; Average used               ; 1.69        ;
; Maximum used               ; 4           ;
;                            ;             ;
; Usage by Processor         ; % Time Used ;
;     Processor 1            ; 100.0%      ;
;     Processors 2-4         ;  23.0%      ;
+----------------------------+-------------+


+-------------------------------------------------------------------------------------------+
; PowerPlay Power Analyzer Summary                                                          ;
+----------------------------------------+--------------------------------------------------+
; PowerPlay Power Analyzer Status        ; Successful - Fri Nov 03 14:21:50 2017            ;
; Quartus Prime Version                  ; 17.0.0 Build 595 04/25/2017 SJ Lite Edition      ;
; Revision Name                          ; logical_RTL                                      ;
; Top-level Entity Name                  ; logical_RTL                                      ;
; Family                                 ; MAX 10                                           ;
; Device                                 ; 10M04SCE144I7G                                   ;
; Power Models                           ; Final                                            ;
; Total Thermal Power Dissipation        ; 272.11 mW                                        ;
; Core Dynamic Thermal Power Dissipation ; 75.23 mW                                         ;
; Core Static Thermal Power Dissipation  ; 124.41 mW                                        ;
; I/O Thermal Power Dissipation          ; 72.47 mW                                         ;
; Power Estimation Confidence            ; Low: user provided insufficient toggle rate data ;
+----------------------------------------+--------------------------------------------------+


+--------------------------------------------------------------------------------------------------------------------------+
; PowerPlay Power Analyzer Settings                                                                                        ;
+----------------------------------------------------------------------------+-----------------------------+---------------+
; Option                                                                     ; Setting                     ; Default Value ;
+----------------------------------------------------------------------------+-----------------------------+---------------+
; Use smart compilation                                                      ; Off                         ; Off           ;
; Enable parallel Assembler and TimeQuest Timing Analyzer during compilation ; On                          ; On            ;
; Enable compact report table                                                ; Off                         ; Off           ;
; Default Power Input I/O Toggle Rate                                        ; 12.5%                       ; 12.5%         ;
; Preset Cooling Solution                                                    ; No Heat Sink With Still Air ;               ;
; Board thermal model                                                        ; None (CONSERVATIVE)         ;               ;
; VCCA voltage                                                               ; 3.3V                        ;               ;
; Default Power Toggle Rate                                                  ; 12.5%                       ; 12.5%         ;
; Use vectorless estimation                                                  ; On                          ; On            ;
; Use Input Files                                                            ; Off                         ; Off           ;
; Filter Glitches in VCD File Reader                                         ; On                          ; On            ;
; Power Analyzer Report Signal Activity                                      ; Off                         ; Off           ;
; Power Analyzer Report Power Dissipation                                    ; Off                         ; Off           ;
; Device Power Characteristics                                               ; TYPICAL                     ; TYPICAL       ;
; Automatically Compute Junction Temperature                                 ; On                          ; On            ;
; Specified Junction Temperature                                             ; 25                          ; 25            ;
; Ambient Temperature                                                        ; 25                          ; 25            ;
; Use Custom Cooling Solution                                                ; Off                         ; Off           ;
; Board Temperature                                                          ; 25                          ; 25            ;
+----------------------------------------------------------------------------+-----------------------------+---------------+


+----------------------------------------------+
; Indeterminate Toggle Rates                   ;
+----------------+-----------------------------+
; Node           ; Reason                      ;
+----------------+-----------------------------+
; Vout_CrossZero ; No valid clock domain found ;
; Rec_SCIRX      ; No valid clock domain found ;
+----------------+-----------------------------+


+----------------------------------------------------------------------+
; Operating Conditions Used                                            ;
+-----------------------------------------+----------------------------+
; Setting                                 ; Value                      ;
+-----------------------------------------+----------------------------+
; Device power characteristics            ; Typical                    ;
;                                         ;                            ;
; Voltages                                ;                            ;
;     VCCA                                ; 3.30 V                     ;
;     VCC_ONE                             ; 3.00 V                     ;
;     3.3-V LVTTL I/O Standard            ; 3.3 V                      ;
;     3.3-V LVCMOS I/O Standard           ; 3.3 V                      ;
;     3.3 V Schmitt Trigger I/O Standard  ; 3.3 V                      ;
;                                         ;                            ;
; Auto computed junction temperature      ; 32.9 degrees Celsius       ;
;     Ambient temperature                 ; 25.0 degrees Celsius       ;
;     Junction-to-Case thermal resistance ; 10.90 degrees Celsius/Watt ;
;     Case-to-Ambient thermal resistance  ; 18.30 degrees Celsius/Watt ;
;                                         ;                            ;
; Board model used                        ; Typical                    ;
+-----------------------------------------+----------------------------+


+----------------------------------------------------------------------------------------------------------------------------------------------+
; Thermal Power Dissipation by Block                                                                                                           ;
+------------+------------+---------------------+-----------------------------+--------------------------------+-------------------------------+
; Block Name ; Block Type ; Total Thermal Power ; Block Thermal Dynamic Power ; Block Thermal Static Power (1) ; Routing Thermal Dynamic Power ;
+------------+------------+---------------------+-----------------------------+--------------------------------+-------------------------------+
(1) The "Thermal Power Dissipation by Block" Table has been hidden. To show this table, please select the "Write power dissipation by block to report file" option under "PowerPlay Power Analyzer Settings".


+--------------------------------------------------------------------------------------------------------------------------------------------------------------------------------------------------------------------+
; Thermal Power Dissipation by Block Type                                                                                                                                                                            ;
+---------------------+-----------------------------------+-----------------------------+--------------------------------+-------------------------------+-----------------------------------------------------------+
; Block Type          ; Total Thermal Power by Block Type ; Block Thermal Dynamic Power ; Block Thermal Static Power (1) ; Routing Thermal Dynamic Power ; Block Average Toggle Rate (millions of transitions / sec) ;
+---------------------+-----------------------------------+-----------------------------+--------------------------------+-------------------------------+-----------------------------------------------------------+
; JTAG                ; 0.00 mW                           ; 0.00 mW                     ; --                             ; 0.00 mW                       ;    6.875                                                  ;
; PLL                 ; 0.99 mW                           ; 0.99 mW                     ; --                             ; 0.00 mW                       ;    6.250                                                  ;
; M9K                 ; 1.92 mW                           ; 1.91 mW                     ; --                             ; 0.01 mW                       ;    0.625                                                  ;
; Combinational cell  ; 2.82 mW                           ; 2.04 mW                     ; --                             ; 0.78 mW                       ;    7.904                                                  ;
; Clock control block ; 11.52 mW                          ; 0.00 mW                     ; --                             ; 11.52 mW                      ;  110.000                                                  ;
; Register cell       ; 12.19 mW                          ; 8.37 mW                     ; --                             ; 3.82 mW                       ;    9.856                                                  ;
; I/O                 ; 25.71 mW                          ; 20.68 mW                    ; 4.27 mW                        ; 0.76 mW                       ;   12.951                                                  ;
; Voltage Regulator   ; 45.79 mW                          ; 45.02 mW                    ; 0.77 mW                        ; --                            ; --                                                        ;
+---------------------+-----------------------------------+-----------------------------+--------------------------------+-------------------------------+-----------------------------------------------------------+
(1) The "Block Thermal Static Power" for all block types except Pins and the Voltage Regulator, if one exists, is part of the "Core Static Thermal Power Dissipation" value found on the PowerPlay Power Analyzer-->Summary report panel. The "Core Static Thermal Power Dissipation" also contains the thermal static power dissipated by the routing.


+-----------------------------------------------------------------------------------------------------------------------------------------------------------------------------------------------------------------------------------------------------------------------------------------------------------------------------------------------------------------------------------------------------------------------------------------------------------------------------------------------------------------------------------------------------------------------------------------------------------------------------------------------------+
; Thermal Power Dissipation by Hierarchy                                                                                                                                                                                                                                                                                                                                                                                                                                                                                                                                                                                                              ;
+------------------------------------------------------------------------------------------------------------------------------------------+--------------------------------------+---------------------------------+-----------------------------------+-----------------------------------+---------------------------------------------------------------------------------------------------------------------------------------------------------------------------------------------------------------------------------------------------------------------------------------------------------------------------------------------------------+
; Compilation Hierarchy Node                                                                                                               ; Total Thermal Power by Hierarchy (1) ; Block Thermal Dynamic Power (1) ; Block Thermal Static Power (1)(2) ; Routing Thermal Dynamic Power (1) ; Full Hierarchy Name                                                                                                                                                                                                                                                                                                                                     ;
+------------------------------------------------------------------------------------------------------------------------------------------+--------------------------------------+---------------------------------+-----------------------------------+-----------------------------------+---------------------------------------------------------------------------------------------------------------------------------------------------------------------------------------------------------------------------------------------------------------------------------------------------------------------------------------------------------+
; |logical_RTL                                                                                                                             ; 100.95 mW (77.54 mW)                 ; 79.02 mW (65.70 mW)             ; 5.04 mW (5.04 mW)                 ; 16.89 mW (6.80 mW)                ; |logical_RTL                                                                                                                                                                                                                                                                                                                                            ;
;     |Pwm_Process_From_RECDSP:CHG                                                                                                         ; 0.39 mW (0.09 mW)                    ; 0.29 mW (0.07 mW)               ; --                                ; 0.10 mW (0.02 mW)                 ; |logical_RTL|Pwm_Process_From_RECDSP:CHG                                                                                                                                                                                                                                                                                                                ;
;         |PWM_DeadTimeProduce:Rec_NLMT_Process                                                                                            ; 0.15 mW (0.15 mW)                    ; 0.11 mW (0.11 mW)               ; --                                ; 0.04 mW (0.04 mW)                 ; |logical_RTL|Pwm_Process_From_RECDSP:CHG|PWM_DeadTimeProduce:Rec_NLMT_Process                                                                                                                                                                                                                                                                           ;
;         |PWM_DeadTimeProduce:Rec_PLMT_Process                                                                                            ; 0.14 mW (0.14 mW)                    ; 0.11 mW (0.11 mW)               ; --                                ; 0.03 mW (0.03 mW)                 ; |logical_RTL|Pwm_Process_From_RECDSP:CHG|PWM_DeadTimeProduce:Rec_PLMT_Process                                                                                                                                                                                                                                                                           ;
;     |IMC_Bus:IMC_Signal_Process                                                                                                          ; 3.68 mW (1.93 mW)                    ; 2.38 mW (1.13 mW)               ; --                                ; 1.29 mW (0.80 mW)                 ; |logical_RTL|IMC_Bus:IMC_Signal_Process                                                                                                                                                                                                                                                                                                                 ;
;         |PWM_DeadTimeProduce:Tx_Dispatch                                                                                                 ; 0.21 mW (0.21 mW)                    ; 0.17 mW (0.17 mW)               ; --                                ; 0.04 mW (0.04 mW)                 ; |logical_RTL|IMC_Bus:IMC_Signal_Process|PWM_DeadTimeProduce:Tx_Dispatch                                                                                                                                                                                                                                                                                 ;
;         |rx_module:rx_process                                                                                                            ; 1.00 mW (0.00 mW)                    ; 0.72 mW (0.00 mW)               ; --                                ; 0.27 mW (0.00 mW)                 ; |logical_RTL|IMC_Bus:IMC_Signal_Process|rx_module:rx_process                                                                                                                                                                                                                                                                                            ;
;             |detect_module:U1                                                                                                            ; 0.02 mW (0.02 mW)                    ; 0.01 mW (0.01 mW)               ; --                                ; 0.00 mW (0.00 mW)                 ; |logical_RTL|IMC_Bus:IMC_Signal_Process|rx_module:rx_process|detect_module:U1                                                                                                                                                                                                                                                                           ;
;             |rx_bps_module:U2                                                                                                            ; 0.16 mW (0.16 mW)                    ; 0.12 mW (0.12 mW)               ; --                                ; 0.03 mW (0.03 mW)                 ; |logical_RTL|IMC_Bus:IMC_Signal_Process|rx_module:rx_process|rx_bps_module:U2                                                                                                                                                                                                                                                                           ;
;             |rx_control_module:U3                                                                                                        ; 0.82 mW (0.82 mW)                    ; 0.59 mW (0.59 mW)               ; --                                ; 0.23 mW (0.23 mW)                 ; |logical_RTL|IMC_Bus:IMC_Signal_Process|rx_module:rx_process|rx_control_module:U3                                                                                                                                                                                                                                                                       ;
;         |tx_module:tx_process                                                                                                            ; 0.53 mW (0.00 mW)                    ; 0.35 mW (0.00 mW)               ; --                                ; 0.18 mW (0.00 mW)                 ; |logical_RTL|IMC_Bus:IMC_Signal_Process|tx_module:tx_process                                                                                                                                                                                                                                                                                            ;
;             |tx_bps_module:U1                                                                                                            ; 0.16 mW (0.16 mW)                    ; 0.12 mW (0.12 mW)               ; --                                ; 0.04 mW (0.04 mW)                 ; |logical_RTL|IMC_Bus:IMC_Signal_Process|tx_module:tx_process|tx_bps_module:U1                                                                                                                                                                                                                                                                           ;
;             |tx_control_module:U2                                                                                                        ; 0.37 mW (0.37 mW)                    ; 0.23 mW (0.23 mW)               ; --                                ; 0.14 mW (0.14 mW)                 ; |logical_RTL|IMC_Bus:IMC_Signal_Process|tx_module:tx_process|tx_control_module:U2                                                                                                                                                                                                                                                                       ;
;     |pwm_deal_frominvdsp:INV_U                                                                                                           ; 0.69 mW (0.24 mW)                    ; 0.48 mW (0.15 mW)               ; --                                ; 0.20 mW (0.09 mW)                 ; |logical_RTL|pwm_deal_frominvdsp:INV_U                                                                                                                                                                                                                                                                                                                  ;
;         |PWM_DeadTimeProduce:InvOn_PwmProcess                                                                                            ; 0.15 mW (0.15 mW)                    ; 0.11 mW (0.11 mW)               ; --                                ; 0.04 mW (0.04 mW)                 ; |logical_RTL|pwm_deal_frominvdsp:INV_U|PWM_DeadTimeProduce:InvOn_PwmProcess                                                                                                                                                                                                                                                                             ;
;         |PWM_DeadTimeProduce:NegedgeDeadTimeProduce                                                                                      ; 0.14 mW (0.14 mW)                    ; 0.11 mW (0.11 mW)               ; --                                ; 0.03 mW (0.03 mW)                 ; |logical_RTL|pwm_deal_frominvdsp:INV_U|PWM_DeadTimeProduce:NegedgeDeadTimeProduce                                                                                                                                                                                                                                                                       ;
;         |PWM_DeadTimeProduce:PosedgeDeadTimeProduce                                                                                      ; 0.16 mW (0.16 mW)                    ; 0.11 mW (0.11 mW)               ; --                                ; 0.05 mW (0.05 mW)                 ; |logical_RTL|pwm_deal_frominvdsp:INV_U|PWM_DeadTimeProduce:PosedgeDeadTimeProduce                                                                                                                                                                                                                                                                       ;
;     |pwm_deal_frominvdsp:INV_V                                                                                                           ; 0.70 mW (0.23 mW)                    ; 0.49 mW (0.15 mW)               ; --                                ; 0.20 mW (0.08 mW)                 ; |logical_RTL|pwm_deal_frominvdsp:INV_V                                                                                                                                                                                                                                                                                                                  ;
;         |PWM_DeadTimeProduce:InvOn_PwmProcess                                                                                            ; 0.17 mW (0.17 mW)                    ; 0.12 mW (0.12 mW)               ; --                                ; 0.05 mW (0.05 mW)                 ; |logical_RTL|pwm_deal_frominvdsp:INV_V|PWM_DeadTimeProduce:InvOn_PwmProcess                                                                                                                                                                                                                                                                             ;
;         |PWM_DeadTimeProduce:NegedgeDeadTimeProduce                                                                                      ; 0.16 mW (0.16 mW)                    ; 0.12 mW (0.12 mW)               ; --                                ; 0.04 mW (0.04 mW)                 ; |logical_RTL|pwm_deal_frominvdsp:INV_V|PWM_DeadTimeProduce:NegedgeDeadTimeProduce                                                                                                                                                                                                                                                                       ;
;         |PWM_DeadTimeProduce:PosedgeDeadTimeProduce                                                                                      ; 0.14 mW (0.14 mW)                    ; 0.11 mW (0.11 mW)               ; --                                ; 0.03 mW (0.03 mW)                 ; |logical_RTL|pwm_deal_frominvdsp:INV_V|PWM_DeadTimeProduce:PosedgeDeadTimeProduce                                                                                                                                                                                                                                                                       ;
;     |pwm_deal_frominvdsp:INV_W                                                                                                           ; 0.70 mW (0.21 mW)                    ; 0.51 mW (0.16 mW)               ; --                                ; 0.19 mW (0.05 mW)                 ; |logical_RTL|pwm_deal_frominvdsp:INV_W                                                                                                                                                                                                                                                                                                                  ;
;         |PWM_DeadTimeProduce:InvOn_PwmProcess                                                                                            ; 0.16 mW (0.16 mW)                    ; 0.12 mW (0.12 mW)               ; --                                ; 0.04 mW (0.04 mW)                 ; |logical_RTL|pwm_deal_frominvdsp:INV_W|PWM_DeadTimeProduce:InvOn_PwmProcess                                                                                                                                                                                                                                                                             ;
;         |PWM_DeadTimeProduce:NegedgeDeadTimeProduce                                                                                      ; 0.18 mW (0.18 mW)                    ; 0.12 mW (0.12 mW)               ; --                                ; 0.06 mW (0.06 mW)                 ; |logical_RTL|pwm_deal_frominvdsp:INV_W|PWM_DeadTimeProduce:NegedgeDeadTimeProduce                                                                                                                                                                                                                                                                       ;
;         |PWM_DeadTimeProduce:PosedgeDeadTimeProduce                                                                                      ; 0.15 mW (0.15 mW)                    ; 0.12 mW (0.12 mW)               ; --                                ; 0.04 mW (0.04 mW)                 ; |logical_RTL|pwm_deal_frominvdsp:INV_W|PWM_DeadTimeProduce:PosedgeDeadTimeProduce                                                                                                                                                                                                                                                                       ;
;     |Pwm_Process_From_RECDSP:REC_A                                                                                                       ; 0.39 mW (0.08 mW)                    ; 0.29 mW (0.07 mW)               ; --                                ; 0.10 mW (0.01 mW)                 ; |logical_RTL|Pwm_Process_From_RECDSP:REC_A                                                                                                                                                                                                                                                                                                              ;
;         |PWM_DeadTimeProduce:Rec_NLMT_Process                                                                                            ; 0.17 mW (0.17 mW)                    ; 0.11 mW (0.11 mW)               ; --                                ; 0.06 mW (0.06 mW)                 ; |logical_RTL|Pwm_Process_From_RECDSP:REC_A|PWM_DeadTimeProduce:Rec_NLMT_Process                                                                                                                                                                                                                                                                         ;
;         |PWM_DeadTimeProduce:Rec_PLMT_Process                                                                                            ; 0.15 mW (0.15 mW)                    ; 0.11 mW (0.11 mW)               ; --                                ; 0.03 mW (0.03 mW)                 ; |logical_RTL|Pwm_Process_From_RECDSP:REC_A|PWM_DeadTimeProduce:Rec_PLMT_Process                                                                                                                                                                                                                                                                         ;
;     |Pwm_Process_From_RECDSP:REC_B                                                                                                       ; 0.41 mW (0.08 mW)                    ; 0.29 mW (0.07 mW)               ; --                                ; 0.12 mW (0.01 mW)                 ; |logical_RTL|Pwm_Process_From_RECDSP:REC_B                                                                                                                                                                                                                                                                                                              ;
;         |PWM_DeadTimeProduce:Rec_NLMT_Process                                                                                            ; 0.15 mW (0.15 mW)                    ; 0.11 mW (0.11 mW)               ; --                                ; 0.04 mW (0.04 mW)                 ; |logical_RTL|Pwm_Process_From_RECDSP:REC_B|PWM_DeadTimeProduce:Rec_NLMT_Process                                                                                                                                                                                                                                                                         ;
;         |PWM_DeadTimeProduce:Rec_PLMT_Process                                                                                            ; 0.18 mW (0.18 mW)                    ; 0.11 mW (0.11 mW)               ; --                                ; 0.06 mW (0.06 mW)                 ; |logical_RTL|Pwm_Process_From_RECDSP:REC_B|PWM_DeadTimeProduce:Rec_PLMT_Process                                                                                                                                                                                                                                                                         ;
;     |Pwm_Process_From_RECDSP:REC_C                                                                                                       ; 0.39 mW (0.08 mW)                    ; 0.29 mW (0.07 mW)               ; --                                ; 0.10 mW (0.01 mW)                 ; |logical_RTL|Pwm_Process_From_RECDSP:REC_C                                                                                                                                                                                                                                                                                                              ;
;         |PWM_DeadTimeProduce:Rec_NLMT_Process                                                                                            ; 0.16 mW (0.16 mW)                    ; 0.11 mW (0.11 mW)               ; --                                ; 0.05 mW (0.05 mW)                 ; |logical_RTL|Pwm_Process_From_RECDSP:REC_C|PWM_DeadTimeProduce:Rec_NLMT_Process                                                                                                                                                                                                                                                                         ;
;         |PWM_DeadTimeProduce:Rec_PLMT_Process                                                                                            ; 0.15 mW (0.15 mW)                    ; 0.11 mW (0.11 mW)               ; --                                ; 0.04 mW (0.04 mW)                 ; |logical_RTL|Pwm_Process_From_RECDSP:REC_C|PWM_DeadTimeProduce:Rec_PLMT_Process                                                                                                                                                                                                                                                                         ;
;     |hard_block:auto_generated_inst                                                                                                      ; 0.00 mW (0.00 mW)                    ; 0.00 mW (0.00 mW)               ; --                                ; 0.00 mW (0.00 mW)                 ; |logical_RTL|hard_block:auto_generated_inst                                                                                                                                                                                                                                                                                                             ;
;     |sld_hub:auto_hub                                                                                                                    ; 0.14 mW (0.00 mW)                    ; 0.10 mW (0.00 mW)               ; --                                ; 0.05 mW (0.00 mW)                 ; |logical_RTL|sld_hub:auto_hub                                                                                                                                                                                                                                                                                                                           ;
;         |alt_sld_fab_with_jtag_input:\instrumentation_fabric_with_node_gen:fabric_gen_new_way:with_jtag_input_gen:instrumentation_fabric ; 0.14 mW (0.00 mW)                    ; 0.10 mW (0.00 mW)               ; --                                ; 0.05 mW (0.00 mW)                 ; |logical_RTL|sld_hub:auto_hub|alt_sld_fab_with_jtag_input:\instrumentation_fabric_with_node_gen:fabric_gen_new_way:with_jtag_input_gen:instrumentation_fabric                                                                                                                                                                                           ;
;             |alt_sld_fab:instrumentation_fabric                                                                                          ; 0.14 mW (0.00 mW)                    ; 0.10 mW (0.00 mW)               ; --                                ; 0.05 mW (0.00 mW)                 ; |logical_RTL|sld_hub:auto_hub|alt_sld_fab_with_jtag_input:\instrumentation_fabric_with_node_gen:fabric_gen_new_way:with_jtag_input_gen:instrumentation_fabric|alt_sld_fab:instrumentation_fabric                                                                                                                                                        ;
;                 |alt_sld_fab_alt_sld_fab:alt_sld_fab                                                                                     ; 0.14 mW (0.00 mW)                    ; 0.10 mW (0.00 mW)               ; --                                ; 0.05 mW (0.00 mW)                 ; |logical_RTL|sld_hub:auto_hub|alt_sld_fab_with_jtag_input:\instrumentation_fabric_with_node_gen:fabric_gen_new_way:with_jtag_input_gen:instrumentation_fabric|alt_sld_fab:instrumentation_fabric|alt_sld_fab_alt_sld_fab:alt_sld_fab                                                                                                                    ;
;                     |alt_sld_fab_alt_sld_fab_sldfabric:sldfabric                                                                         ; 0.14 mW (0.00 mW)                    ; 0.09 mW (0.00 mW)               ; --                                ; 0.04 mW (0.00 mW)                 ; |logical_RTL|sld_hub:auto_hub|alt_sld_fab_with_jtag_input:\instrumentation_fabric_with_node_gen:fabric_gen_new_way:with_jtag_input_gen:instrumentation_fabric|alt_sld_fab:instrumentation_fabric|alt_sld_fab_alt_sld_fab:alt_sld_fab|alt_sld_fab_alt_sld_fab_sldfabric:sldfabric                                                                        ;
;                         |sld_jtag_hub:\jtag_hub_gen:real_sld_jtag_hub                                                                    ; 0.14 mW (0.10 mW)                    ; 0.09 mW (0.06 mW)               ; --                                ; 0.04 mW (0.03 mW)                 ; |logical_RTL|sld_hub:auto_hub|alt_sld_fab_with_jtag_input:\instrumentation_fabric_with_node_gen:fabric_gen_new_way:with_jtag_input_gen:instrumentation_fabric|alt_sld_fab:instrumentation_fabric|alt_sld_fab_alt_sld_fab:alt_sld_fab|alt_sld_fab_alt_sld_fab_sldfabric:sldfabric|sld_jtag_hub:\jtag_hub_gen:real_sld_jtag_hub                           ;
;                             |sld_rom_sr:hub_info_reg                                                                                     ; 0.02 mW (0.02 mW)                    ; 0.01 mW (0.01 mW)               ; --                                ; 0.00 mW (0.00 mW)                 ; |logical_RTL|sld_hub:auto_hub|alt_sld_fab_with_jtag_input:\instrumentation_fabric_with_node_gen:fabric_gen_new_way:with_jtag_input_gen:instrumentation_fabric|alt_sld_fab:instrumentation_fabric|alt_sld_fab_alt_sld_fab:alt_sld_fab|alt_sld_fab_alt_sld_fab_sldfabric:sldfabric|sld_jtag_hub:\jtag_hub_gen:real_sld_jtag_hub|sld_rom_sr:hub_info_reg   ;
;                             |sld_shadow_jsm:shadow_jsm                                                                                   ; 0.03 mW (0.03 mW)                    ; 0.02 mW (0.02 mW)               ; --                                ; 0.01 mW (0.01 mW)                 ; |logical_RTL|sld_hub:auto_hub|alt_sld_fab_with_jtag_input:\instrumentation_fabric_with_node_gen:fabric_gen_new_way:with_jtag_input_gen:instrumentation_fabric|alt_sld_fab:instrumentation_fabric|alt_sld_fab_alt_sld_fab:alt_sld_fab|alt_sld_fab_alt_sld_fab_sldfabric:sldfabric|sld_jtag_hub:\jtag_hub_gen:real_sld_jtag_hub|sld_shadow_jsm:shadow_jsm ;
;         |sld_jtag_interface_mod:\jtag_interface_mod_gen:device_family_mod_inst                                                           ; 0.00 mW (0.00 mW)                    ; 0.00 mW (0.00 mW)               ; --                                ; 0.00 mW (0.00 mW)                 ; |logical_RTL|sld_hub:auto_hub|sld_jtag_interface_mod:\jtag_interface_mod_gen:device_family_mod_inst                                                                                                                                                                                                                                                     ;
;     |sld_signaltap:auto_signaltap_0                                                                                                      ; 7.77 mW (0.21 mW)                    ; 5.68 mW (0.19 mW)               ; --                                ; 2.09 mW (0.02 mW)                 ; |logical_RTL|sld_signaltap:auto_signaltap_0                                                                                                                                                                                                                                                                                                             ;
;         |sld_jtag_endpoint_adapter:\gen_jtag_signal_adapter:jtag_signal_adapter                                                          ; 0.00 mW (0.00 mW)                    ; 0.00 mW (0.00 mW)               ; --                                ; 0.00 mW (0.00 mW)                 ; |logical_RTL|sld_signaltap:auto_signaltap_0|sld_jtag_endpoint_adapter:\gen_jtag_signal_adapter:jtag_signal_adapter                                                                                                                                                                                                                                      ;
;         |sld_signaltap_impl:sld_signaltap_body                                                                                           ; 7.55 mW (0.00 mW)                    ; 5.49 mW (0.00 mW)               ; --                                ; 2.07 mW (0.00 mW)                 ; |logical_RTL|sld_signaltap:auto_signaltap_0|sld_signaltap_impl:sld_signaltap_body                                                                                                                                                                                                                                                                       ;
;             |sld_signaltap_implb:sld_signaltap_body                                                                                      ; 7.55 mW (3.50 mW)                    ; 5.49 mW (2.13 mW)               ; --                                ; 2.07 mW (1.37 mW)                 ; |logical_RTL|sld_signaltap:auto_signaltap_0|sld_signaltap_impl:sld_signaltap_body|sld_signaltap_implb:sld_signaltap_body                                                                                                                                                                                                                                ;
;                 |sld_offload_buffer_mgr:\stp_non_zero_depth_offload_gen:stp_offload_buff_mgr_inst                                        ; 0.21 mW (0.00 mW)                    ; 0.13 mW (0.00 mW)               ; --                                ; 0.08 mW (0.00 mW)                 ; |logical_RTL|sld_signaltap:auto_signaltap_0|sld_signaltap_impl:sld_signaltap_body|sld_signaltap_implb:sld_signaltap_body|sld_offload_buffer_mgr:\stp_non_zero_depth_offload_gen:stp_offload_buff_mgr_inst                                                                                                                                               ;
;                     |lpm_counter:\adv_point_3_and_more:advance_pointer_counter                                                           ; 0.01 mW (0.00 mW)                    ; 0.01 mW (0.00 mW)               ; --                                ; 0.00 mW (0.00 mW)                 ; |logical_RTL|sld_signaltap:auto_signaltap_0|sld_signaltap_impl:sld_signaltap_body|sld_signaltap_implb:sld_signaltap_body|sld_offload_buffer_mgr:\stp_non_zero_depth_offload_gen:stp_offload_buff_mgr_inst|lpm_counter:\adv_point_3_and_more:advance_pointer_counter                                                                                     ;
;                         |cntr_nph:auto_generated                                                                                         ; 0.01 mW (0.01 mW)                    ; 0.01 mW (0.01 mW)               ; --                                ; 0.00 mW (0.00 mW)                 ; |logical_RTL|sld_signaltap:auto_signaltap_0|sld_signaltap_impl:sld_signaltap_body|sld_signaltap_implb:sld_signaltap_body|sld_offload_buffer_mgr:\stp_non_zero_depth_offload_gen:stp_offload_buff_mgr_inst|lpm_counter:\adv_point_3_and_more:advance_pointer_counter|cntr_nph:auto_generated                                                             ;
;                     |lpm_shiftreg:info_data_shift_out                                                                                    ; 0.06 mW (0.06 mW)                    ; 0.06 mW (0.06 mW)               ; --                                ; 0.00 mW (0.00 mW)                 ; |logical_RTL|sld_signaltap:auto_signaltap_0|sld_signaltap_impl:sld_signaltap_body|sld_signaltap_implb:sld_signaltap_body|sld_offload_buffer_mgr:\stp_non_zero_depth_offload_gen:stp_offload_buff_mgr_inst|lpm_shiftreg:info_data_shift_out                                                                                                              ;
;                     |lpm_shiftreg:ram_data_shift_out                                                                                     ; 0.01 mW (0.01 mW)                    ; 0.01 mW (0.01 mW)               ; --                                ; 0.00 mW (0.00 mW)                 ; |logical_RTL|sld_signaltap:auto_signaltap_0|sld_signaltap_impl:sld_signaltap_body|sld_signaltap_implb:sld_signaltap_body|sld_offload_buffer_mgr:\stp_non_zero_depth_offload_gen:stp_offload_buff_mgr_inst|lpm_shiftreg:ram_data_shift_out                                                                                                               ;
;                     |lpm_counter:read_pointer_counter                                                                                    ; 0.08 mW (0.00 mW)                    ; 0.01 mW (0.00 mW)               ; --                                ; 0.07 mW (0.00 mW)                 ; |logical_RTL|sld_signaltap:auto_signaltap_0|sld_signaltap_impl:sld_signaltap_body|sld_signaltap_implb:sld_signaltap_body|sld_offload_buffer_mgr:\stp_non_zero_depth_offload_gen:stp_offload_buff_mgr_inst|lpm_counter:read_pointer_counter                                                                                                              ;
;                         |cntr_1mi:auto_generated                                                                                         ; 0.08 mW (0.08 mW)                    ; 0.01 mW (0.01 mW)               ; --                                ; 0.07 mW (0.07 mW)                 ; |logical_RTL|sld_signaltap:auto_signaltap_0|sld_signaltap_impl:sld_signaltap_body|sld_signaltap_implb:sld_signaltap_body|sld_offload_buffer_mgr:\stp_non_zero_depth_offload_gen:stp_offload_buff_mgr_inst|lpm_counter:read_pointer_counter|cntr_1mi:auto_generated                                                                                      ;
;                     |lpm_counter:status_advance_pointer_counter                                                                          ; 0.01 mW (0.00 mW)                    ; 0.01 mW (0.00 mW)               ; --                                ; 0.00 mW (0.00 mW)                 ; |logical_RTL|sld_signaltap:auto_signaltap_0|sld_signaltap_impl:sld_signaltap_body|sld_signaltap_implb:sld_signaltap_body|sld_offload_buffer_mgr:\stp_non_zero_depth_offload_gen:stp_offload_buff_mgr_inst|lpm_counter:status_advance_pointer_counter                                                                                                    ;
;                         |cntr_arh:auto_generated                                                                                         ; 0.01 mW (0.01 mW)                    ; 0.01 mW (0.01 mW)               ; --                                ; 0.00 mW (0.00 mW)                 ; |logical_RTL|sld_signaltap:auto_signaltap_0|sld_signaltap_impl:sld_signaltap_body|sld_signaltap_implb:sld_signaltap_body|sld_offload_buffer_mgr:\stp_non_zero_depth_offload_gen:stp_offload_buff_mgr_inst|lpm_counter:status_advance_pointer_counter|cntr_arh:auto_generated                                                                            ;
;                     |lpm_shiftreg:status_data_shift_out                                                                                  ; 0.04 mW (0.04 mW)                    ; 0.04 mW (0.04 mW)               ; --                                ; 0.00 mW (0.00 mW)                 ; |logical_RTL|sld_signaltap:auto_signaltap_0|sld_signaltap_impl:sld_signaltap_body|sld_signaltap_implb:sld_signaltap_body|sld_offload_buffer_mgr:\stp_non_zero_depth_offload_gen:stp_offload_buff_mgr_inst|lpm_shiftreg:status_data_shift_out                                                                                                            ;
;                     |lpm_counter:status_read_pointer_counter                                                                             ; 0.00 mW (0.00 mW)                    ; 0.00 mW (0.00 mW)               ; --                                ; 0.00 mW (0.00 mW)                 ; |logical_RTL|sld_signaltap:auto_signaltap_0|sld_signaltap_impl:sld_signaltap_body|sld_signaltap_implb:sld_signaltap_body|sld_offload_buffer_mgr:\stp_non_zero_depth_offload_gen:stp_offload_buff_mgr_inst|lpm_counter:status_read_pointer_counter                                                                                                       ;
;                         |cntr_odi:auto_generated                                                                                         ; 0.00 mW (0.00 mW)                    ; 0.00 mW (0.00 mW)               ; --                                ; 0.00 mW (0.00 mW)                 ; |logical_RTL|sld_signaltap:auto_signaltap_0|sld_signaltap_impl:sld_signaltap_body|sld_signaltap_implb:sld_signaltap_body|sld_offload_buffer_mgr:\stp_non_zero_depth_offload_gen:stp_offload_buff_mgr_inst|lpm_counter:status_read_pointer_counter|cntr_odi:auto_generated                                                                               ;
;                 |altdpram:\stp_non_zero_ram_gen:attribute_mem_gen:attribute_mem                                                          ; 0.48 mW (0.44 mW)                    ; 0.37 mW (0.33 mW)               ; --                                ; 0.12 mW (0.11 mW)                 ; |logical_RTL|sld_signaltap:auto_signaltap_0|sld_signaltap_impl:sld_signaltap_body|sld_signaltap_implb:sld_signaltap_body|altdpram:\stp_non_zero_ram_gen:attribute_mem_gen:attribute_mem                                                                                                                                                                 ;
;                     |lpm_mux:mux                                                                                                         ; 0.04 mW (0.00 mW)                    ; 0.04 mW (0.00 mW)               ; --                                ; 0.00 mW (0.00 mW)                 ; |logical_RTL|sld_signaltap:auto_signaltap_0|sld_signaltap_impl:sld_signaltap_body|sld_signaltap_implb:sld_signaltap_body|altdpram:\stp_non_zero_ram_gen:attribute_mem_gen:attribute_mem|lpm_mux:mux                                                                                                                                                     ;
;                         |mux_n7c:auto_generated                                                                                          ; 0.04 mW (0.04 mW)                    ; 0.04 mW (0.04 mW)               ; --                                ; 0.00 mW (0.00 mW)                 ; |logical_RTL|sld_signaltap:auto_signaltap_0|sld_signaltap_impl:sld_signaltap_body|sld_signaltap_implb:sld_signaltap_body|altdpram:\stp_non_zero_ram_gen:attribute_mem_gen:attribute_mem|lpm_mux:mux|mux_n7c:auto_generated                                                                                                                              ;
;                     |lpm_decode:wdecoder                                                                                                 ; 0.01 mW (0.00 mW)                    ; 0.00 mW (0.00 mW)               ; --                                ; 0.01 mW (0.00 mW)                 ; |logical_RTL|sld_signaltap:auto_signaltap_0|sld_signaltap_impl:sld_signaltap_body|sld_signaltap_implb:sld_signaltap_body|altdpram:\stp_non_zero_ram_gen:attribute_mem_gen:attribute_mem|lpm_decode:wdecoder                                                                                                                                             ;
;                         |decode_3af:auto_generated                                                                                       ; 0.01 mW (0.01 mW)                    ; 0.00 mW (0.00 mW)               ; --                                ; 0.01 mW (0.01 mW)                 ; |logical_RTL|sld_signaltap:auto_signaltap_0|sld_signaltap_impl:sld_signaltap_body|sld_signaltap_implb:sld_signaltap_body|altdpram:\stp_non_zero_ram_gen:attribute_mem_gen:attribute_mem|lpm_decode:wdecoder|decode_3af:auto_generated                                                                                                                   ;
;                 |altsyncram:\stp_non_zero_ram_gen:stp_buffer_ram                                                                         ; 1.97 mW (0.00 mW)                    ; 1.92 mW (0.00 mW)               ; --                                ; 0.05 mW (0.00 mW)                 ; |logical_RTL|sld_signaltap:auto_signaltap_0|sld_signaltap_impl:sld_signaltap_body|sld_signaltap_implb:sld_signaltap_body|altsyncram:\stp_non_zero_ram_gen:stp_buffer_ram                                                                                                                                                                                ;
;                     |altsyncram_gm14:auto_generated                                                                                      ; 1.97 mW (1.92 mW)                    ; 1.92 mW (1.92 mW)               ; --                                ; 0.05 mW (0.01 mW)                 ; |logical_RTL|sld_signaltap:auto_signaltap_0|sld_signaltap_impl:sld_signaltap_body|sld_signaltap_implb:sld_signaltap_body|altsyncram:\stp_non_zero_ram_gen:stp_buffer_ram|altsyncram_gm14:auto_generated                                                                                                                                                 ;
;                         |decode_97a:decode2                                                                                              ; 0.04 mW (0.04 mW)                    ; 0.00 mW (0.00 mW)               ; --                                ; 0.04 mW (0.04 mW)                 ; |logical_RTL|sld_signaltap:auto_signaltap_0|sld_signaltap_impl:sld_signaltap_body|sld_signaltap_implb:sld_signaltap_body|altsyncram:\stp_non_zero_ram_gen:stp_buffer_ram|altsyncram_gm14:auto_generated|decode_97a:decode2                                                                                                                              ;
;                 |serial_crc_16:\tdo_crc_gen:tdo_crc_calc                                                                                 ; 0.01 mW (0.01 mW)                    ; 0.01 mW (0.01 mW)               ; --                                ; 0.00 mW (0.00 mW)                 ; |logical_RTL|sld_signaltap:auto_signaltap_0|sld_signaltap_impl:sld_signaltap_body|sld_signaltap_implb:sld_signaltap_body|serial_crc_16:\tdo_crc_gen:tdo_crc_calc                                                                                                                                                                                        ;
;                 |sld_rom_sr:crc_rom_sr                                                                                                   ; 0.02 mW (0.02 mW)                    ; 0.01 mW (0.01 mW)               ; --                                ; 0.00 mW (0.00 mW)                 ; |logical_RTL|sld_signaltap:auto_signaltap_0|sld_signaltap_impl:sld_signaltap_body|sld_signaltap_implb:sld_signaltap_body|sld_rom_sr:crc_rom_sr                                                                                                                                                                                                          ;
;                 |sld_ela_control:ela_control                                                                                             ; 0.50 mW (0.01 mW)                    ; 0.43 mW (0.01 mW)               ; --                                ; 0.08 mW (0.00 mW)                 ; |logical_RTL|sld_signaltap:auto_signaltap_0|sld_signaltap_impl:sld_signaltap_body|sld_signaltap_implb:sld_signaltap_body|sld_ela_control:ela_control                                                                                                                                                                                                    ;
;                     |sld_ela_basic_multi_level_trigger:\basic_multi_level_mbpm_trigger_gen:multi_level_mbpm                              ; 0.39 mW (0.00 mW)                    ; 0.33 mW (0.00 mW)               ; --                                ; 0.06 mW (0.00 mW)                 ; |logical_RTL|sld_signaltap:auto_signaltap_0|sld_signaltap_impl:sld_signaltap_body|sld_signaltap_implb:sld_signaltap_body|sld_ela_control:ela_control|sld_ela_basic_multi_level_trigger:\basic_multi_level_mbpm_trigger_gen:multi_level_mbpm                                                                                                             ;
;                         |sld_mbpmg:\trigger_modules_gen:0:trigger_match                                                                  ; 0.12 mW (0.00 mW)                    ; 0.10 mW (0.00 mW)               ; --                                ; 0.02 mW (0.00 mW)                 ; |logical_RTL|sld_signaltap:auto_signaltap_0|sld_signaltap_impl:sld_signaltap_body|sld_signaltap_implb:sld_signaltap_body|sld_ela_control:ela_control|sld_ela_basic_multi_level_trigger:\basic_multi_level_mbpm_trigger_gen:multi_level_mbpm|sld_mbpmg:\trigger_modules_gen:0:trigger_match                                                              ;
;                             |sld_sbpmg:\gen_sbpmg_pipeline_less_than_two:sm0:0:sm1                                                       ; 0.01 mW (0.01 mW)                    ; 0.01 mW (0.01 mW)               ; --                                ; 0.00 mW (0.00 mW)                 ; |logical_RTL|sld_signaltap:auto_signaltap_0|sld_signaltap_impl:sld_signaltap_body|sld_signaltap_implb:sld_signaltap_body|sld_ela_control:ela_control|sld_ela_basic_multi_level_trigger:\basic_multi_level_mbpm_trigger_gen:multi_level_mbpm|sld_mbpmg:\trigger_modules_gen:0:trigger_match|sld_sbpmg:\gen_sbpmg_pipeline_less_than_two:sm0:0:sm1        ;
;                             |sld_sbpmg:\gen_sbpmg_pipeline_less_than_two:sm0:1:sm1                                                       ; 0.01 mW (0.01 mW)                    ; 0.01 mW (0.01 mW)               ; --                                ; 0.00 mW (0.00 mW)                 ; |logical_RTL|sld_signaltap:auto_signaltap_0|sld_signaltap_impl:sld_signaltap_body|sld_signaltap_implb:sld_signaltap_body|sld_ela_control:ela_control|sld_ela_basic_multi_level_trigger:\basic_multi_level_mbpm_trigger_gen:multi_level_mbpm|sld_mbpmg:\trigger_modules_gen:0:trigger_match|sld_sbpmg:\gen_sbpmg_pipeline_less_than_two:sm0:1:sm1        ;
;                             |sld_sbpmg:\gen_sbpmg_pipeline_less_than_two:sm0:2:sm1                                                       ; 0.01 mW (0.01 mW)                    ; 0.01 mW (0.01 mW)               ; --                                ; 0.00 mW (0.00 mW)                 ; |logical_RTL|sld_signaltap:auto_signaltap_0|sld_signaltap_impl:sld_signaltap_body|sld_signaltap_implb:sld_signaltap_body|sld_ela_control:ela_control|sld_ela_basic_multi_level_trigger:\basic_multi_level_mbpm_trigger_gen:multi_level_mbpm|sld_mbpmg:\trigger_modules_gen:0:trigger_match|sld_sbpmg:\gen_sbpmg_pipeline_less_than_two:sm0:2:sm1        ;
;                             |sld_sbpmg:\gen_sbpmg_pipeline_less_than_two:sm0:3:sm1                                                       ; 0.01 mW (0.01 mW)                    ; 0.01 mW (0.01 mW)               ; --                                ; 0.00 mW (0.00 mW)                 ; |logical_RTL|sld_signaltap:auto_signaltap_0|sld_signaltap_impl:sld_signaltap_body|sld_signaltap_implb:sld_signaltap_body|sld_ela_control:ela_control|sld_ela_basic_multi_level_trigger:\basic_multi_level_mbpm_trigger_gen:multi_level_mbpm|sld_mbpmg:\trigger_modules_gen:0:trigger_match|sld_sbpmg:\gen_sbpmg_pipeline_less_than_two:sm0:3:sm1        ;
;                             |sld_sbpmg:\gen_sbpmg_pipeline_less_than_two:sm0:4:sm1                                                       ; 0.01 mW (0.01 mW)                    ; 0.01 mW (0.01 mW)               ; --                                ; 0.00 mW (0.00 mW)                 ; |logical_RTL|sld_signaltap:auto_signaltap_0|sld_signaltap_impl:sld_signaltap_body|sld_signaltap_implb:sld_signaltap_body|sld_ela_control:ela_control|sld_ela_basic_multi_level_trigger:\basic_multi_level_mbpm_trigger_gen:multi_level_mbpm|sld_mbpmg:\trigger_modules_gen:0:trigger_match|sld_sbpmg:\gen_sbpmg_pipeline_less_than_two:sm0:4:sm1        ;
;                             |sld_sbpmg:\gen_sbpmg_pipeline_less_than_two:sm0:5:sm1                                                       ; 0.01 mW (0.01 mW)                    ; 0.01 mW (0.01 mW)               ; --                                ; 0.00 mW (0.00 mW)                 ; |logical_RTL|sld_signaltap:auto_signaltap_0|sld_signaltap_impl:sld_signaltap_body|sld_signaltap_implb:sld_signaltap_body|sld_ela_control:ela_control|sld_ela_basic_multi_level_trigger:\basic_multi_level_mbpm_trigger_gen:multi_level_mbpm|sld_mbpmg:\trigger_modules_gen:0:trigger_match|sld_sbpmg:\gen_sbpmg_pipeline_less_than_two:sm0:5:sm1        ;
;                             |sld_sbpmg:\gen_sbpmg_pipeline_less_than_two:sm0:6:sm1                                                       ; 0.01 mW (0.01 mW)                    ; 0.01 mW (0.01 mW)               ; --                                ; 0.00 mW (0.00 mW)                 ; |logical_RTL|sld_signaltap:auto_signaltap_0|sld_signaltap_impl:sld_signaltap_body|sld_signaltap_implb:sld_signaltap_body|sld_ela_control:ela_control|sld_ela_basic_multi_level_trigger:\basic_multi_level_mbpm_trigger_gen:multi_level_mbpm|sld_mbpmg:\trigger_modules_gen:0:trigger_match|sld_sbpmg:\gen_sbpmg_pipeline_less_than_two:sm0:6:sm1        ;
;                             |sld_sbpmg:\gen_sbpmg_pipeline_less_than_two:sm0:7:sm1                                                       ; 0.01 mW (0.01 mW)                    ; 0.01 mW (0.01 mW)               ; --                                ; 0.00 mW (0.00 mW)                 ; |logical_RTL|sld_signaltap:auto_signaltap_0|sld_signaltap_impl:sld_signaltap_body|sld_signaltap_implb:sld_signaltap_body|sld_ela_control:ela_control|sld_ela_basic_multi_level_trigger:\basic_multi_level_mbpm_trigger_gen:multi_level_mbpm|sld_mbpmg:\trigger_modules_gen:0:trigger_match|sld_sbpmg:\gen_sbpmg_pipeline_less_than_two:sm0:7:sm1        ;
;                             |sld_sbpmg:\gen_sbpmg_pipeline_less_than_two:sm0:8:sm1                                                       ; 0.02 mW (0.02 mW)                    ; 0.01 mW (0.01 mW)               ; --                                ; 0.00 mW (0.00 mW)                 ; |logical_RTL|sld_signaltap:auto_signaltap_0|sld_signaltap_impl:sld_signaltap_body|sld_signaltap_implb:sld_signaltap_body|sld_ela_control:ela_control|sld_ela_basic_multi_level_trigger:\basic_multi_level_mbpm_trigger_gen:multi_level_mbpm|sld_mbpmg:\trigger_modules_gen:0:trigger_match|sld_sbpmg:\gen_sbpmg_pipeline_less_than_two:sm0:8:sm1        ;
;                         |sld_mbpmg:\trigger_modules_gen:1:trigger_match                                                                  ; 0.22 mW (0.00 mW)                    ; 0.19 mW (0.00 mW)               ; --                                ; 0.03 mW (0.00 mW)                 ; |logical_RTL|sld_signaltap:auto_signaltap_0|sld_signaltap_impl:sld_signaltap_body|sld_signaltap_implb:sld_signaltap_body|sld_ela_control:ela_control|sld_ela_basic_multi_level_trigger:\basic_multi_level_mbpm_trigger_gen:multi_level_mbpm|sld_mbpmg:\trigger_modules_gen:1:trigger_match                                                              ;
;                             |sld_sbpmg:\gen_sbpmg_pipeline_less_than_two:sm0:0:sm1                                                       ; 0.03 mW (0.03 mW)                    ; 0.02 mW (0.02 mW)               ; --                                ; 0.00 mW (0.00 mW)                 ; |logical_RTL|sld_signaltap:auto_signaltap_0|sld_signaltap_impl:sld_signaltap_body|sld_signaltap_implb:sld_signaltap_body|sld_ela_control:ela_control|sld_ela_basic_multi_level_trigger:\basic_multi_level_mbpm_trigger_gen:multi_level_mbpm|sld_mbpmg:\trigger_modules_gen:1:trigger_match|sld_sbpmg:\gen_sbpmg_pipeline_less_than_two:sm0:0:sm1        ;
;                             |sld_sbpmg:\gen_sbpmg_pipeline_less_than_two:sm0:1:sm1                                                       ; 0.02 mW (0.02 mW)                    ; 0.02 mW (0.02 mW)               ; --                                ; 0.00 mW (0.00 mW)                 ; |logical_RTL|sld_signaltap:auto_signaltap_0|sld_signaltap_impl:sld_signaltap_body|sld_signaltap_implb:sld_signaltap_body|sld_ela_control:ela_control|sld_ela_basic_multi_level_trigger:\basic_multi_level_mbpm_trigger_gen:multi_level_mbpm|sld_mbpmg:\trigger_modules_gen:1:trigger_match|sld_sbpmg:\gen_sbpmg_pipeline_less_than_two:sm0:1:sm1        ;
;                             |sld_sbpmg:\gen_sbpmg_pipeline_less_than_two:sm0:2:sm1                                                       ; 0.02 mW (0.02 mW)                    ; 0.02 mW (0.02 mW)               ; --                                ; 0.00 mW (0.00 mW)                 ; |logical_RTL|sld_signaltap:auto_signaltap_0|sld_signaltap_impl:sld_signaltap_body|sld_signaltap_implb:sld_signaltap_body|sld_ela_control:ela_control|sld_ela_basic_multi_level_trigger:\basic_multi_level_mbpm_trigger_gen:multi_level_mbpm|sld_mbpmg:\trigger_modules_gen:1:trigger_match|sld_sbpmg:\gen_sbpmg_pipeline_less_than_two:sm0:2:sm1        ;
;                             |sld_sbpmg:\gen_sbpmg_pipeline_less_than_two:sm0:3:sm1                                                       ; 0.02 mW (0.02 mW)                    ; 0.02 mW (0.02 mW)               ; --                                ; 0.00 mW (0.00 mW)                 ; |logical_RTL|sld_signaltap:auto_signaltap_0|sld_signaltap_impl:sld_signaltap_body|sld_signaltap_implb:sld_signaltap_body|sld_ela_control:ela_control|sld_ela_basic_multi_level_trigger:\basic_multi_level_mbpm_trigger_gen:multi_level_mbpm|sld_mbpmg:\trigger_modules_gen:1:trigger_match|sld_sbpmg:\gen_sbpmg_pipeline_less_than_two:sm0:3:sm1        ;
;                             |sld_sbpmg:\gen_sbpmg_pipeline_less_than_two:sm0:4:sm1                                                       ; 0.02 mW (0.02 mW)                    ; 0.02 mW (0.02 mW)               ; --                                ; 0.01 mW (0.01 mW)                 ; |logical_RTL|sld_signaltap:auto_signaltap_0|sld_signaltap_impl:sld_signaltap_body|sld_signaltap_implb:sld_signaltap_body|sld_ela_control:ela_control|sld_ela_basic_multi_level_trigger:\basic_multi_level_mbpm_trigger_gen:multi_level_mbpm|sld_mbpmg:\trigger_modules_gen:1:trigger_match|sld_sbpmg:\gen_sbpmg_pipeline_less_than_two:sm0:4:sm1        ;
;                             |sld_sbpmg:\gen_sbpmg_pipeline_less_than_two:sm0:5:sm1                                                       ; 0.02 mW (0.02 mW)                    ; 0.02 mW (0.02 mW)               ; --                                ; 0.00 mW (0.00 mW)                 ; |logical_RTL|sld_signaltap:auto_signaltap_0|sld_signaltap_impl:sld_signaltap_body|sld_signaltap_implb:sld_signaltap_body|sld_ela_control:ela_control|sld_ela_basic_multi_level_trigger:\basic_multi_level_mbpm_trigger_gen:multi_level_mbpm|sld_mbpmg:\trigger_modules_gen:1:trigger_match|sld_sbpmg:\gen_sbpmg_pipeline_less_than_two:sm0:5:sm1        ;
;                             |sld_sbpmg:\gen_sbpmg_pipeline_less_than_two:sm0:6:sm1                                                       ; 0.02 mW (0.02 mW)                    ; 0.02 mW (0.02 mW)               ; --                                ; 0.00 mW (0.00 mW)                 ; |logical_RTL|sld_signaltap:auto_signaltap_0|sld_signaltap_impl:sld_signaltap_body|sld_signaltap_implb:sld_signaltap_body|sld_ela_control:ela_control|sld_ela_basic_multi_level_trigger:\basic_multi_level_mbpm_trigger_gen:multi_level_mbpm|sld_mbpmg:\trigger_modules_gen:1:trigger_match|sld_sbpmg:\gen_sbpmg_pipeline_less_than_two:sm0:6:sm1        ;
;                             |sld_sbpmg:\gen_sbpmg_pipeline_less_than_two:sm0:7:sm1                                                       ; 0.02 mW (0.02 mW)                    ; 0.02 mW (0.02 mW)               ; --                                ; 0.00 mW (0.00 mW)                 ; |logical_RTL|sld_signaltap:auto_signaltap_0|sld_signaltap_impl:sld_signaltap_body|sld_signaltap_implb:sld_signaltap_body|sld_ela_control:ela_control|sld_ela_basic_multi_level_trigger:\basic_multi_level_mbpm_trigger_gen:multi_level_mbpm|sld_mbpmg:\trigger_modules_gen:1:trigger_match|sld_sbpmg:\gen_sbpmg_pipeline_less_than_two:sm0:7:sm1        ;
;                             |sld_sbpmg:\gen_sbpmg_pipeline_less_than_two:sm0:8:sm1                                                       ; 0.03 mW (0.03 mW)                    ; 0.03 mW (0.03 mW)               ; --                                ; 0.00 mW (0.00 mW)                 ; |logical_RTL|sld_signaltap:auto_signaltap_0|sld_signaltap_impl:sld_signaltap_body|sld_signaltap_implb:sld_signaltap_body|sld_ela_control:ela_control|sld_ela_basic_multi_level_trigger:\basic_multi_level_mbpm_trigger_gen:multi_level_mbpm|sld_mbpmg:\trigger_modules_gen:1:trigger_match|sld_sbpmg:\gen_sbpmg_pipeline_less_than_two:sm0:8:sm1        ;
;                         |lpm_shiftreg:trigger_condition_deserialize                                                                      ; 0.04 mW (0.04 mW)                    ; 0.04 mW (0.04 mW)               ; --                                ; 0.01 mW (0.01 mW)                 ; |logical_RTL|sld_signaltap:auto_signaltap_0|sld_signaltap_impl:sld_signaltap_body|sld_signaltap_implb:sld_signaltap_body|sld_ela_control:ela_control|sld_ela_basic_multi_level_trigger:\basic_multi_level_mbpm_trigger_gen:multi_level_mbpm|lpm_shiftreg:trigger_condition_deserialize                                                                  ;
;                     |sld_ela_trigger_flow_mgr:\builtin:ela_trigger_flow_mgr_entity                                                       ; 0.10 mW (0.09 mW)                    ; 0.08 mW (0.08 mW)               ; --                                ; 0.01 mW (0.01 mW)                 ; |logical_RTL|sld_signaltap:auto_signaltap_0|sld_signaltap_impl:sld_signaltap_body|sld_signaltap_implb:sld_signaltap_body|sld_ela_control:ela_control|sld_ela_trigger_flow_mgr:\builtin:ela_trigger_flow_mgr_entity                                                                                                                                      ;
;                         |lpm_shiftreg:trigger_config_deserialize                                                                         ; 0.01 mW (0.01 mW)                    ; 0.01 mW (0.01 mW)               ; --                                ; 0.00 mW (0.00 mW)                 ; |logical_RTL|sld_signaltap:auto_signaltap_0|sld_signaltap_impl:sld_signaltap_body|sld_signaltap_implb:sld_signaltap_body|sld_ela_control:ela_control|sld_ela_trigger_flow_mgr:\builtin:ela_trigger_flow_mgr_entity|lpm_shiftreg:trigger_config_deserialize                                                                                              ;
;                     |lpm_shiftreg:trigger_config_deserialize                                                                             ; 0.00 mW (0.00 mW)                    ; 0.00 mW (0.00 mW)               ; --                                ; 0.00 mW (0.00 mW)                 ; |logical_RTL|sld_signaltap:auto_signaltap_0|sld_signaltap_impl:sld_signaltap_body|sld_signaltap_implb:sld_signaltap_body|sld_ela_control:ela_control|lpm_shiftreg:trigger_config_deserialize                                                                                                                                                            ;
;                 |lpm_shiftreg:segment_offset_config_deserialize                                                                          ; 0.01 mW (0.01 mW)                    ; 0.01 mW (0.01 mW)               ; --                                ; 0.00 mW (0.00 mW)                 ; |logical_RTL|sld_signaltap:auto_signaltap_0|sld_signaltap_impl:sld_signaltap_body|sld_signaltap_implb:sld_signaltap_body|lpm_shiftreg:segment_offset_config_deserialize                                                                                                                                                                                 ;
;                 |sld_buffer_manager:sld_buffer_manager_inst                                                                              ; 0.84 mW (0.84 mW)                    ; 0.48 mW (0.48 mW)               ; --                                ; 0.36 mW (0.36 mW)                 ; |logical_RTL|sld_signaltap:auto_signaltap_0|sld_signaltap_impl:sld_signaltap_body|sld_signaltap_implb:sld_signaltap_body|sld_buffer_manager:sld_buffer_manager_inst                                                                                                                                                                                     ;
;                 |lpm_shiftreg:status_register                                                                                            ; 0.01 mW (0.01 mW)                    ; 0.01 mW (0.01 mW)               ; --                                ; 0.00 mW (0.00 mW)                 ; |logical_RTL|sld_signaltap:auto_signaltap_0|sld_signaltap_impl:sld_signaltap_body|sld_signaltap_implb:sld_signaltap_body|lpm_shiftreg:status_register                                                                                                                                                                                                   ;
;     |fan_pwm_process:fan_pwmdo                                                                                                           ; 0.34 mW (0.18 mW)                    ; 0.28 mW (0.16 mW)               ; --                                ; 0.06 mW (0.02 mW)                 ; |logical_RTL|fan_pwm_process:fan_pwmdo                                                                                                                                                                                                                                                                                                                  ;
;         |PWM_DeadTimeProduce:fan_pwm_generate                                                                                            ; 0.16 mW (0.16 mW)                    ; 0.12 mW (0.12 mW)               ; --                                ; 0.04 mW (0.04 mW)                 ; |logical_RTL|fan_pwm_process:fan_pwmdo|PWM_DeadTimeProduce:fan_pwm_generate                                                                                                                                                                                                                                                                             ;
;     |Clock_Process:generate_100M_clock                                                                                                   ; 6.06 mW (0.00 mW)                    ; 0.99 mW (0.00 mW)               ; --                                ; 5.07 mW (0.00 mW)                 ; |logical_RTL|Clock_Process:generate_100M_clock                                                                                                                                                                                                                                                                                                          ;
;         |altpll:altpll_component                                                                                                         ; 6.06 mW (0.00 mW)                    ; 0.99 mW (0.00 mW)               ; --                                ; 5.07 mW (0.00 mW)                 ; |logical_RTL|Clock_Process:generate_100M_clock|altpll:altpll_component                                                                                                                                                                                                                                                                                  ;
;             |Clock_Process_altpll:auto_generated                                                                                         ; 6.06 mW (6.06 mW)                    ; 0.99 mW (0.99 mW)               ; --                                ; 5.07 mW (5.07 mW)                 ; |logical_RTL|Clock_Process:generate_100M_clock|altpll:altpll_component|Clock_Process_altpll:auto_generated                                                                                                                                                                                                                                              ;
;     |inv_spi_process:inv_spi_signal                                                                                                      ; 0.94 mW (0.35 mW)                    ; 0.68 mW (0.22 mW)               ; --                                ; 0.27 mW (0.13 mW)                 ; |logical_RTL|inv_spi_process:inv_spi_signal                                                                                                                                                                                                                                                                                                             ;
;         |spi:Inv_SPI_Process                                                                                                             ; 0.59 mW (0.59 mW)                    ; 0.45 mW (0.45 mW)               ; --                                ; 0.14 mW (0.14 mW)                 ; |logical_RTL|inv_spi_process:inv_spi_signal|spi:Inv_SPI_Process                                                                                                                                                                                                                                                                                         ;
;     |rec_spi_process:rec_spi_signal                                                                                                      ; 0.81 mW (0.28 mW)                    ; 0.56 mW (0.13 mW)               ; --                                ; 0.25 mW (0.15 mW)                 ; |logical_RTL|rec_spi_process:rec_spi_signal                                                                                                                                                                                                                                                                                                             ;
;         |spi:Rec_SPI_Process                                                                                                             ; 0.52 mW (0.52 mW)                    ; 0.43 mW (0.43 mW)               ; --                                ; 0.09 mW (0.09 mW)                 ; |logical_RTL|rec_spi_process:rec_spi_signal|spi:Rec_SPI_Process                                                                                                                                                                                                                                                                                         ;
+------------------------------------------------------------------------------------------------------------------------------------------+--------------------------------------+---------------------------------+-----------------------------------+-----------------------------------+---------------------------------------------------------------------------------------------------------------------------------------------------------------------------------------------------------------------------------------------------------------------------------------------------------------------------------------------------------+
(1) Value in parentheses is the power consumed at that level of hierarchy. Value not in parentheses is the power consumed at that level of hierarchy plus the power consumed by all levels of hierarchy below it.

(2) The "Block Thermal Static Power" for all levels of hierarchy except the top-level hierarchy is part of the "Core Static Thermal Power Dissipation" value found on the PowerPlay Power Analyzer-->Summary report panel. The "Core Static Thermal Power Dissipation" also contains the thermal static power dissipated by the routing.


+------------------------------------------------------------------------+
; Core Dynamic Thermal Power Dissipation by Clock Domain                 ;
+---------------------+-----------------------+--------------------------+
; Clock Domain        ; Clock Frequency (MHz) ; Total Core Dynamic Power ;
+---------------------+-----------------------+--------------------------+
; CLK                 ; 100.00                ; 26.88                    ;
; altera_reserved_tck ; 10.00                 ; 3.33                     ;
; No clock domain     ; 0.00                  ; 0.00                     ;
+---------------------+-----------------------+--------------------------+


+------------------------------------------------------------------------------------------------------------------------------------+
; Current Drawn from Voltage Supplies Summary                                                                                        ;
+----------------+-------------------------+---------------------------+--------------------------+----------------------------------+
; Voltage Supply ; Total Current Drawn (1) ; Dynamic Current Drawn (1) ; Static Current Drawn (1) ; Minimum Power Supply Current (2) ;
+----------------+-------------------------+---------------------------+--------------------------+----------------------------------+
; VCCIO          ; 22.05 mA                ; 6.08 mA                   ; 15.97 mA                 ; 22.05 mA                         ;
; VCCA           ; 3.68 mA                 ; 0.18 mA                   ; 3.50 mA                  ; 3.68 mA                          ;
; VCC_ONE        ; 62.64 mA                ; 25.01 mA                  ; 37.63 mA                 ; 62.64 mA                         ;
+----------------+-------------------------+---------------------------+--------------------------+----------------------------------+
(1) Currents reported in columns "Total Current Drawn", "Dynamic Current Drawn", and "Static Current Drawn" are sufficient for user operation of the device.  
(2) Currents reported in column "Minimum Power Supply Current" are sufficient for power-up, configuration, and user operation of the device.


+-----------------------------------------------------------------------------------------------+
; VCCIO Supply Current Drawn by I/O Bank                                                        ;
+----------+---------------+---------------------+-----------------------+----------------------+
; I/O Bank ; VCCIO Voltage ; Total Current Drawn ; Dynamic Current Drawn ; Static Current Drawn ;
+----------+---------------+---------------------+-----------------------+----------------------+
; 1A       ; 3.3V          ; 2.32 mA             ; 0.59 mA               ; 1.73 mA              ;
; 1B       ; 3.3V          ; 2.29 mA             ; 0.54 mA               ; 1.75 mA              ;
; 2        ; 3.3V          ; 2.03 mA             ; 0.35 mA               ; 1.68 mA              ;
; 3        ; 3.3V          ; 2.31 mA             ; 0.42 mA               ; 1.89 mA              ;
; 4        ; 3.3V          ; 1.97 mA             ; 0.25 mA               ; 1.71 mA              ;
; 5        ; 3.3V          ; 3.23 mA             ; 1.43 mA               ; 1.80 mA              ;
; 6        ; 3.3V          ; 3.87 mA             ; 2.02 mA               ; 1.85 mA              ;
; 7        ; 3.3V          ; 2.04 mA             ; 0.32 mA               ; 1.72 mA              ;
; 8        ; 3.3V          ; 1.99 mA             ; 0.16 mA               ; 1.83 mA              ;
+----------+---------------+---------------------+-----------------------+----------------------+


+-----------------------------------------------------------------------------------------------------------------------------------+
; VCCIO Supply Current Drawn by Voltage                                                                                             ;
+---------------+-------------------------+---------------------------+--------------------------+----------------------------------+
; VCCIO Voltage ; Total Current Drawn (1) ; Dynamic Current Drawn (1) ; Static Current Drawn (1) ; Minimum Power Supply Current (2) ;
+---------------+-------------------------+---------------------------+--------------------------+----------------------------------+
; 3.3V          ; 22.05 mA                ; 6.08 mA                   ; 15.97 mA                 ; 22.05 mA                         ;
+---------------+-------------------------+---------------------------+--------------------------+----------------------------------+
(1) Currents reported in columns "Total Current Drawn", "Dynamic Current Drawn", and "Static Current Drawn" are sufficient for user operation of the device.  
(2) Currents reported in column "Minimum Power Supply Current" are sufficient for power-up, configuration, and user operation of the device.


+----------------------------------------------------------------------------------------------------------------------------------------------------+
; Confidence Metric Details                                                                                                                          ;
+----------------------------------------------------------------------------------------+--------------+------------+---------------+---------------+
; Data Source                                                                            ; Total        ; Pin        ; Registered    ; Combinational ;
+----------------------------------------------------------------------------------------+--------------+------------+---------------+---------------+
; Simulation (from file)                                                                 ;              ;            ;               ;               ;
;     -- Number of signals with Toggle Rate from Simulation                              ; 0 (0.0%)     ; 0 (0.0%)   ; 0 (0.0%)      ; 0 (0.0%)      ;
;     -- Number of signals with Static Probability from Simulation                       ; 0 (0.0%)     ; 0 (0.0%)   ; 0 (0.0%)      ; 0 (0.0%)      ;
;                                                                                        ;              ;            ;               ;               ;
; Node, entity or clock assignment                                                       ;              ;            ;               ;               ;
;     -- Number of signals with Toggle Rate from Node, entity or clock assignment        ; 6 (0.1%)     ; 2 (2.1%)   ; 0 (0.0%)      ; 4 (0.1%)      ;
;     -- Number of signals with Static Probability from Node, entity or clock assignment ; 6 (0.1%)     ; 2 (2.1%)   ; 0 (0.0%)      ; 4 (0.1%)      ;
;                                                                                        ;              ;            ;               ;               ;
; Vectorless estimation                                                                  ;              ;            ;               ;               ;
;     -- Number of signals with Toggle Rate from Vectorless estimation                   ; 4419 (98.7%) ; 41 (43.2%) ; 1715 (100.0%) ; 2663 (99.8%)  ;
;     -- Number of signals with Zero toggle rate, from Vectorless estimation             ; 37 (0.8%)    ; 2 (2.1%)   ; 17 (1.0%)     ; 18 (0.7%)     ;
;     -- Number of signals with Static Probability from Vectorless estimation            ; 4419 (98.7%) ; 41 (43.2%) ; 1715 (100.0%) ; 2663 (99.8%)  ;
;                                                                                        ;              ;            ;               ;               ;
; Default assignment                                                                     ;              ;            ;               ;               ;
;     -- Number of signals with Toggle Rate from Default assignment                      ; 47 (1.0%)    ; 46 (48.4%) ; 0 (0.0%)      ; 1 (0.0%)      ;
;     -- Number of signals with Static Probability from Default assignment               ; 53 (1.2%)    ; 52 (54.7%) ; 0 (0.0%)      ; 1 (0.0%)      ;
;                                                                                        ;              ;            ;               ;               ;
; Assumed 0                                                                              ;              ;            ;               ;               ;
;     -- Number of signals with Toggle Rate assumed 0                                    ; 6 (0.1%)     ; 6 (6.3%)   ; 0 (0.0%)      ; 0 (0.0%)      ;
+----------------------------------------------------------------------------------------+--------------+------------+---------------+---------------+


+---------------------------------------------------------------------------------------------------------------------------------------------+
; Signal Activities                                                                                                                           ;
+--------+------+---------------------------------------------+-------------------------+--------------------+--------------------------------+
; Signal ; Type ; Toggle Rate (millions of transitions / sec) ; Toggle Rate Data Source ; Static Probability ; Static Probability Data Source ;
+--------+------+---------------------------------------------+-------------------------+--------------------+--------------------------------+
(1) The "Signal Activity" Table has been hidden. To show this table, please select the "Write signal activities to report file" option under "PowerPlay Power Analyzer Settings".


+-----------------------------------+
; PowerPlay Power Analyzer Messages ;
+-----------------------------------+
Info: *******************************************************************
Info: Running Quartus Prime PowerPlay Power Analyzer
    Info: Version 17.0.0 Build 595 04/25/2017 SJ Lite Edition
    Info: Processing started: Fri Nov 03 14:21:47 2017
Info: Command: quartus_pow --read_settings_files=off --write_settings_files=off logical_RTL -c logical_RTL
Warning (18236): Number of processors has not been specified which may cause overloading on shared machines.  Set the global assignment NUM_PARALLEL_PROCESSORS in your QSF to an appropriate value for best performance.
Info (21077): Low junction temperature is -40 degrees C
Info (21077): High junction temperature is 100 degrees C
Info (332164): Evaluating HDL-embedded SDC commands
    Info (332165): Entity sld_hub
        Info (332166): create_clock -name altera_reserved_tck [get_ports {altera_reserved_tck}] -period 10MHz   
        Info (332166): set_clock_groups -asynchronous -group {altera_reserved_tck}
Info (332104): Reading SDC File: 'logical_RTL.out.sdc'
Info (332097): The following timing edges are non-unate.  TimeQuest will assume pos-unate behavior for these edges in the clock network.
    Info (332098): Cell: altera_internal_jtag  from: tck  to: tckutap
Warning (332056): PLL cross checking found inconsistent PLL clock settings:
    Warning (332056): Node: generate_100M_clock|altpll_component|auto_generated|pll1|clk[0] was found missing 1 generated clock that corresponds to a base clock with a period of: 50.000
Critical Warning (332168): The following clock transfers have no clock uncertainty assignment. For more accurate results, apply clock uncertainty assignments or use the derive_clock_uncertainty command.
    Critical Warning (332169): From altera_reserved_tck (Rise) to altera_reserved_tck (Rise) (setup and hold)
    Critical Warning (332169): From altera_reserved_tck (Rise) to altera_reserved_tck (Fall) (setup and hold)
Info (223000): Starting Vectorless Power Activity Estimation
Warning (222013): Relative toggle rates could not be calculated because no clock domain could be identified for some nodes
Info (223001): Completed Vectorless Power Activity Estimation
Info (218000): Using Advanced I/O Power to simulate I/O buffers with the specified board trace model
Info (334003): Started post-fitting delay annotation
Info (334004): Delay annotation completed successfully
Info (215049): Average toggle rate for this design is 8.838 millions of transitions / sec
Info (215031): Total thermal power estimate for the design is 272.11 mW
Info: Quartus Prime PowerPlay Power Analyzer was successful. 0 errors, 7 warnings
    Info: Peak virtual memory: 717 megabytes
    Info: Processing ended: Fri Nov 03 14:21:50 2017
    Info: Elapsed time: 00:00:03
    Info: Total CPU time (on all processors): 00:00:06


